// Jest Snapshot v1, https://goo.gl/fbAQLP

exports[`Pruebas en GifItem Hacer match con el snapshot 1`] = `
<div>
  <div
    class="card"
  >
    <img
      alt="gojo"
      src="https//jose-juan.com/saitama.jpg"
    />
    <p>
      gojo
    </p>
  </div>
</div>
`;
